// Jest Snapshot v1, https://goo.gl/fbAQLP

exports[`renders home page content 1`] = `
<div
  className="home-page"
>
  <img
    alt=""
    className="background-img"
    src="https://images.unsplash.com/photo-1518770660439-4636190af475?ixlib=rb-4.0.3&ixid=M3wxMjA3fDB8MHxwaG90by1wYWdlfHx8fGVufDB8fHx8fA%3D%3D&auto=format&fit=crop&w=1170&q=80"
  />
  <div
    className="content"
  >
    <h1>
      Welcome to the 
      <span
        className="company-name"
      >
        TechHub
      </span>
    </h1>
    <div
      className="sub-text"
    >
      Discover a world of cutting-edge technology at our premier destination for a wide range of tech products. Explore the latest smartphones, laptops, audio devices, and smart home gadgets from top brands. Experience exceptional customer service, competitive prices, and embark on your tech journey with us today.
    </div>
    <a
      className="call-to-action-button"
      href="#/shop"
      onClick={[Function]}
    >
      Shop Now
    </a>
  </div>
</div>
`;
